// Jest Snapshot v1, https://goo.gl/fbAQLP

exports[`register view <Register/> should render 1`] = `
ShallowWrapper {
  Symbol(enzyme.__root__): [Circular],
  Symbol(enzyme.__unrendered__): <Register />,
  Symbol(enzyme.__renderer__): Object {
    "batchedUpdates": [Function],
    "checkPropTypes": [Function],
    "getNode": [Function],
    "render": [Function],
    "simulateError": [Function],
    "simulateEvent": [Function],
    "unmount": [Function],
  },
  Symbol(enzyme.__node__): Object {
    "instance": null,
    "key": undefined,
    "nodeType": "host",
    "props": Object {
      "children": <div
        className="form box animated fadeInUp"
      >
        <h2>
          Register
        </h2>
        <Connect(RegisterForm) />
        <Link
          replace={false}
          to="/"
        >
          Already have an account?
        </Link>
      </div>,
      "className": "register overlay flex h-center v-center",
    },
    "ref": null,
    "rendered": Object {
      "instance": null,
      "key": undefined,
      "nodeType": "host",
      "props": Object {
        "children": Array [
          <h2>
            Register
          </h2>,
          <Connect(RegisterForm) />,
          <Link
            replace={false}
            to="/"
          >
            Already have an account?
          </Link>,
        ],
        "className": "form box animated fadeInUp",
      },
      "ref": null,
      "rendered": Array [
        Object {
          "instance": null,
          "key": undefined,
          "nodeType": "host",
          "props": Object {
            "children": "Register",
          },
          "ref": null,
          "rendered": "Register",
          "type": "h2",
        },
        Object {
          "instance": null,
          "key": undefined,
          "nodeType": "class",
          "props": Object {},
          "ref": null,
          "rendered": null,
          "type": [Function],
        },
        Object {
          "instance": null,
          "key": undefined,
          "nodeType": "class",
          "props": Object {
            "children": "Already have an account?",
            "replace": false,
            "to": "/",
          },
          "ref": null,
          "rendered": "Already have an account?",
          "type": [Function],
        },
      ],
      "type": "div",
    },
    "type": "div",
  },
  Symbol(enzyme.__nodes__): Array [
    Object {
      "instance": null,
      "key": undefined,
      "nodeType": "host",
      "props": Object {
        "children": <div
          className="form box animated fadeInUp"
        >
          <h2>
            Register
          </h2>
          <Connect(RegisterForm) />
          <Link
            replace={false}
            to="/"
          >
            Already have an account?
          </Link>
        </div>,
        "className": "register overlay flex h-center v-center",
      },
      "ref": null,
      "rendered": Object {
        "instance": null,
        "key": undefined,
        "nodeType": "host",
        "props": Object {
          "children": Array [
            <h2>
              Register
            </h2>,
            <Connect(RegisterForm) />,
            <Link
              replace={false}
              to="/"
            >
              Already have an account?
            </Link>,
          ],
          "className": "form box animated fadeInUp",
        },
        "ref": null,
        "rendered": Array [
          Object {
            "instance": null,
            "key": undefined,
            "nodeType": "host",
            "props": Object {
              "children": "Register",
            },
            "ref": null,
            "rendered": "Register",
            "type": "h2",
          },
          Object {
            "instance": null,
            "key": undefined,
            "nodeType": "class",
            "props": Object {},
            "ref": null,
            "rendered": null,
            "type": [Function],
          },
          Object {
            "instance": null,
            "key": undefined,
            "nodeType": "class",
            "props": Object {
              "children": "Already have an account?",
              "replace": false,
              "to": "/",
            },
            "ref": null,
            "rendered": "Already have an account?",
            "type": [Function],
          },
        ],
        "type": "div",
      },
      "type": "div",
    },
  ],
  Symbol(enzyme.__options__): Object {
    "adapter": ReactSixteenAdapter {
      "options": Object {
        "enableComponentDidUpdateOnSetState": true,
        "legacyContextMode": "parent",
        "lifecycles": Object {
          "componentDidUpdate": Object {
            "onSetState": true,
          },
          "getChildContext": Object {
            "calledByRenderer": false,
          },
          "getDerivedStateFromProps": true,
          "getSnapshotBeforeUpdate": true,
          "setState": Object {
            "skipsComponentDidUpdateOnNullish": true,
          },
        },
      },
    },
  },
}
`;
